// Jest Snapshot v1, https://goo.gl/fbAQLP

exports[`should correctly generate .pkg file: Windows uses Unix-like paths 1`] = `"{"name":"Echo","code":"te6ccgECCwEAAgEAAij/AI6I9KQT9LzyyAvtUyDjA+1D2QECAgN44AMEA/Qw7aLt+wHQctch0gDSAPpAIRA0UGZvBPhhAvhi7UTQ0gAwkW2RbeICkVvgcCHXSSDCH+MAAcAAjrnCH460gCDXIds8+EJ/cFADgEIBUDMEyM+FgMoAz4RAzgH6AoBqz0D0AMkB+wAwyH8BygDJ7VTbMeCRMOLIAc8WyQcICQEjudPu1E0NIAMJFtkW3iAds8MYBQEjuDYu1E0NIAMJFtkW3iAds8MYBgAKqgmAILACUshvAAFvjG1vjIt0hlbGxvLCCNs8Ads8byIByZMhbrOWAW8iWczJ6DHQCgoApjEh1wsfIIIQe6INwbqOQluAINchbTHIATCCEHuiDcEByx/J+EJ/cFADgEIBUDMEyM+FgMoAz4RAzgH6AoBqz0D0AMkB+wAwyH8BygDJ7VTbMeABAULIcAHLH28AAW+MbW+MAds8byIByZMhbrOWAW8iWczJ6DEKAFj4Qn9wUAOAQgFQMwTIz4WAygDPhEDOAfoCgGrPQPQAyQH7ADDIfwHKAMntVAC6INdKIddJlyDCACLCALGOSgNvIoB/Is8xqwKhBasCUVW2CCDCAJwgqgIV1xhQM88WQBTeWW8CU0GhwgCZyAFvAlBEoaoCjhIxM8IAmdQw0CDXSiHXSZJwIOLi6F8D","abi":"{\\"name\\":\\"Echo\\",\\"types\\":[{\\"name\\":\\"DataSize\\",\\"header\\":null,\\"fields\\":[{\\"name\\":\\"cells\\",\\"type\\":{\\"kind\\":\\"simple\\",\\"type\\":\\"int\\",\\"optional\\":false,\\"format\\":257}},{\\"name\\":\\"bits\\",\\"type\\":{\\"kind\\":\\"simple\\",\\"type\\":\\"int\\",\\"optional\\":false,\\"format\\":257}},{\\"name\\":\\"refs\\",\\"type\\":{\\"kind\\":\\"simple\\",\\"type\\":\\"int\\",\\"optional\\":false,\\"format\\":257}}]},{\\"name\\":\\"SignedBundle\\",\\"header\\":null,\\"fields\\":[{\\"name\\":\\"signature\\",\\"type\\":{\\"kind\\":\\"simple\\",\\"type\\":\\"fixed-bytes\\",\\"optional\\":false,\\"format\\":64}},{\\"name\\":\\"signedData\\",\\"type\\":{\\"kind\\":\\"simple\\",\\"type\\":\\"slice\\",\\"optional\\":false,\\"format\\":\\"remainder\\"}}]},{\\"name\\":\\"StateInit\\",\\"header\\":null,\\"fields\\":[{\\"name\\":\\"code\\",\\"type\\":{\\"kind\\":\\"simple\\",\\"type\\":\\"cell\\",\\"optional\\":false}},{\\"name\\":\\"data\\",\\"type\\":{\\"kind\\":\\"simple\\",\\"type\\":\\"cell\\",\\"optional\\":false}}]},{\\"name\\":\\"Context\\",\\"header\\":null,\\"fields\\":[{\\"name\\":\\"bounceable\\",\\"type\\":{\\"kind\\":\\"simple\\",\\"type\\":\\"bool\\",\\"optional\\":false}},{\\"name\\":\\"sender\\",\\"type\\":{\\"kind\\":\\"simple\\",\\"type\\":\\"address\\",\\"optional\\":false}},{\\"name\\":\\"value\\",\\"type\\":{\\"kind\\":\\"simple\\",\\"type\\":\\"int\\",\\"optional\\":false,\\"format\\":257}},{\\"name\\":\\"raw\\",\\"type\\":{\\"kind\\":\\"simple\\",\\"type\\":\\"slice\\",\\"optional\\":false}}]},{\\"name\\":\\"SendParameters\\",\\"header\\":null,\\"fields\\":[{\\"name\\":\\"mode\\",\\"type\\":{\\"kind\\":\\"simple\\",\\"type\\":\\"int\\",\\"optional\\":false,\\"format\\":257}},{\\"name\\":\\"body\\",\\"type\\":{\\"kind\\":\\"simple\\",\\"type\\":\\"cell\\",\\"optional\\":true}},{\\"name\\":\\"code\\",\\"type\\":{\\"kind\\":\\"simple\\",\\"type\\":\\"cell\\",\\"optional\\":true}},{\\"name\\":\\"data\\",\\"type\\":{\\"kind\\":\\"simple\\",\\"type\\":\\"cell\\",\\"optional\\":true}},{\\"name\\":\\"value\\",\\"type\\":{\\"kind\\":\\"simple\\",\\"type\\":\\"int\\",\\"optional\\":false,\\"format\\":257}},{\\"name\\":\\"to\\",\\"type\\":{\\"kind\\":\\"simple\\",\\"type\\":\\"address\\",\\"optional\\":false}},{\\"name\\":\\"bounce\\",\\"type\\":{\\"kind\\":\\"simple\\",\\"type\\":\\"bool\\",\\"optional\\":false}}]},{\\"name\\":\\"MessageParameters\\",\\"header\\":null,\\"fields\\":[{\\"name\\":\\"mode\\",\\"type\\":{\\"kind\\":\\"simple\\",\\"type\\":\\"int\\",\\"optional\\":false,\\"format\\":257}},{\\"name\\":\\"body\\",\\"type\\":{\\"kind\\":\\"simple\\",\\"type\\":\\"cell\\",\\"optional\\":true}},{\\"name\\":\\"value\\",\\"type\\":{\\"kind\\":\\"simple\\",\\"type\\":\\"int\\",\\"optional\\":false,\\"format\\":257}},{\\"name\\":\\"to\\",\\"type\\":{\\"kind\\":\\"simple\\",\\"type\\":\\"address\\",\\"optional\\":false}},{\\"name\\":\\"bounce\\",\\"type\\":{\\"kind\\":\\"simple\\",\\"type\\":\\"bool\\",\\"optional\\":false}}]},{\\"name\\":\\"DeployParameters\\",\\"header\\":null,\\"fields\\":[{\\"name\\":\\"mode\\",\\"type\\":{\\"kind\\":\\"simple\\",\\"type\\":\\"int\\",\\"optional\\":false,\\"format\\":257}},{\\"name\\":\\"body\\",\\"type\\":{\\"kind\\":\\"simple\\",\\"type\\":\\"cell\\",\\"optional\\":true}},{\\"name\\":\\"value\\",\\"type\\":{\\"kind\\":\\"simple\\",\\"type\\":\\"int\\",\\"optional\\":false,\\"format\\":257}},{\\"name\\":\\"bounce\\",\\"type\\":{\\"kind\\":\\"simple\\",\\"type\\":\\"bool\\",\\"optional\\":false}},{\\"name\\":\\"init\\",\\"type\\":{\\"kind\\":\\"simple\\",\\"type\\":\\"StateInit\\",\\"optional\\":false}}]},{\\"name\\":\\"StdAddress\\",\\"header\\":null,\\"fields\\":[{\\"name\\":\\"workchain\\",\\"type\\":{\\"kind\\":\\"simple\\",\\"type\\":\\"int\\",\\"optional\\":false,\\"format\\":8}},{\\"name\\":\\"address\\",\\"type\\":{\\"kind\\":\\"simple\\",\\"type\\":\\"uint\\",\\"optional\\":false,\\"format\\":256}}]},{\\"name\\":\\"VarAddress\\",\\"header\\":null,\\"fields\\":[{\\"name\\":\\"workchain\\",\\"type\\":{\\"kind\\":\\"simple\\",\\"type\\":\\"int\\",\\"optional\\":false,\\"format\\":32}},{\\"name\\":\\"address\\",\\"type\\":{\\"kind\\":\\"simple\\",\\"type\\":\\"slice\\",\\"optional\\":false}}]},{\\"name\\":\\"BasechainAddress\\",\\"header\\":null,\\"fields\\":[{\\"name\\":\\"hash\\",\\"type\\":{\\"kind\\":\\"simple\\",\\"type\\":\\"int\\",\\"optional\\":true,\\"format\\":257}}]},{\\"name\\":\\"EchoMessage\\",\\"header\\":2074217921,\\"fields\\":[]},{\\"name\\":\\"Echo$Data\\",\\"header\\":null,\\"fields\\":[]}],\\"receivers\\":[{\\"receiver\\":\\"internal\\",\\"message\\":{\\"kind\\":\\"typed\\",\\"type\\":\\"EchoMessage\\"}},{\\"receiver\\":\\"internal\\",\\"message\\":{\\"kind\\":\\"text\\"}},{\\"receiver\\":\\"internal\\",\\"message\\":{\\"kind\\":\\"any\\"}}],\\"getters\\":[{\\"name\\":\\"hello\\",\\"methodId\\":115554,\\"arguments\\":[{\\"name\\":\\"src\\",\\"type\\":{\\"kind\\":\\"simple\\",\\"type\\":\\"string\\",\\"optional\\":false}}],\\"returnType\\":{\\"kind\\":\\"simple\\",\\"type\\":\\"string\\",\\"optional\\":false}},{\\"name\\":\\"hello2\\",\\"methodId\\":105790,\\"arguments\\":[{\\"name\\":\\"src\\",\\"type\\":{\\"kind\\":\\"simple\\",\\"type\\":\\"int\\",\\"optional\\":false,\\"format\\":257}}],\\"returnType\\":{\\"kind\\":\\"simple\\",\\"type\\":\\"int\\",\\"optional\\":false,\\"format\\":257}}],\\"errors\\":{\\"2\\":{\\"message\\":\\"Stack underflow\\"},\\"3\\":{\\"message\\":\\"Stack overflow\\"},\\"4\\":{\\"message\\":\\"Integer overflow\\"},\\"5\\":{\\"message\\":\\"Integer out of expected range\\"},\\"6\\":{\\"message\\":\\"Invalid opcode\\"},\\"7\\":{\\"message\\":\\"Type check error\\"},\\"8\\":{\\"message\\":\\"Cell overflow\\"},\\"9\\":{\\"message\\":\\"Cell underflow\\"},\\"10\\":{\\"message\\":\\"Dictionary error\\"},\\"11\\":{\\"message\\":\\"'Unknown' error\\"},\\"12\\":{\\"message\\":\\"Fatal error\\"},\\"13\\":{\\"message\\":\\"Out of gas error\\"},\\"14\\":{\\"message\\":\\"Virtualization error\\"},\\"32\\":{\\"message\\":\\"Action list is invalid\\"},\\"33\\":{\\"message\\":\\"Action list is too long\\"},\\"34\\":{\\"message\\":\\"Action is invalid or not supported\\"},\\"35\\":{\\"message\\":\\"Invalid source address in outbound message\\"},\\"36\\":{\\"message\\":\\"Invalid destination address in outbound message\\"},\\"37\\":{\\"message\\":\\"Not enough Toncoin\\"},\\"38\\":{\\"message\\":\\"Not enough extra currencies\\"},\\"39\\":{\\"message\\":\\"Outbound message does not fit into a cell after rewriting\\"},\\"40\\":{\\"message\\":\\"Cannot process a message\\"},\\"41\\":{\\"message\\":\\"Library reference is null\\"},\\"42\\":{\\"message\\":\\"Library change action error\\"},\\"43\\":{\\"message\\":\\"Exceeded maximum number of cells in the library or the maximum depth of the Merkle tree\\"},\\"50\\":{\\"message\\":\\"Account state size exceeded limits\\"},\\"128\\":{\\"message\\":\\"Null reference exception\\"},\\"129\\":{\\"message\\":\\"Invalid serialization prefix\\"},\\"130\\":{\\"message\\":\\"Invalid incoming message\\"},\\"131\\":{\\"message\\":\\"Constraints error\\"},\\"132\\":{\\"message\\":\\"Access denied\\"},\\"133\\":{\\"message\\":\\"Contract stopped\\"},\\"134\\":{\\"message\\":\\"Invalid argument\\"},\\"135\\":{\\"message\\":\\"Code of a contract was not found\\"},\\"136\\":{\\"message\\":\\"Invalid standard address\\"},\\"138\\":{\\"message\\":\\"Not a basechain address\\"}},\\"interfaces\\":[\\"org.ton.introspection.v0\\",\\"org.ton.abi.ipfs.v0\\",\\"org.ton.deploy.lazy.v0\\"]}","init":{"kind":"direct","args":[],"prefix":{"bits":1,"value":0},"deployment":{"kind":"system-cell","system":null}},"sources":{"packaging.tact":"bWVzc2FnZSgweDdiYTIwZGMxKSBFY2hvTWVzc2FnZSB7fQoKY29udHJhY3QgRWNobyB7CiAgICByZWNlaXZlKG1zZzogRWNob01lc3NhZ2UpIHsKICAgICAgICBzZWxmLnJlcGx5KG1zZy50b0NlbGwoKSk7CiAgICB9CiAgICAKICAgIHJlY2VpdmUobXNnOiBTdHJpbmcpIHsKICAgICAgICBzZWxmLnJlcGx5KG1zZy5hc0NvbW1lbnQoKSk7CiAgICB9CiAgICAKICAgIHJlY2VpdmUobXNnOiBTbGljZSkgewogICAgICAgIHNlbGYucmVwbHkobXNnLmFzQ2VsbCgpKTsKICAgIH0KCiAgICBnZXQgZnVuIGhlbGxvKHNyYzogU3RyaW5nKTogU3RyaW5nIHsKICAgICAgICBsZXQgYnVpbGRlcjogU3RyaW5nQnVpbGRlciA9IGJlZ2luU3RyaW5nKCk7CiAgICAgICAgYnVpbGRlci5hcHBlbmQoIkhlbGxvLCAiKTsKICAgICAgICBidWlsZGVyLmFwcGVuZChzcmMpOwogICAgICAgIHJldHVybiBidWlsZGVyLnRvU3RyaW5nKCk7CiAgICB9CgogICAgZ2V0IGZ1biBoZWxsbzIoc3JjOiBJbnQpOiBJbnQgewogICAgICAgIHJldHVybiBzcmMgPDwgMTAgJiAzMjsKICAgIH0KfQ=="},"compiler":{"name":"tact","version":"1.6.10","parameters":"{\\"entrypoint\\":\\"./packaging.tact\\",\\"options\\":{}}"}}"`;
