// Jest Snapshot v1, https://goo.gl/fbAQLP

exports[`toCell for contract with init() should return correct Cell from self.toCell() 1`] = `"x{8000000000000000000000000000000000000000000000000000000000000002A_}"`;
