// Jest Snapshot v1, https://goo.gl/fbAQLP

exports[`bugs should deploy contract correctly 1`] = `
[
  {
    "$seq": 0,
    "events": [
      {
        "$type": "deploy",
      },
      {
        "$type": "received",
        "message": {
          "body": {
            "cell": "x{178D45190000000000000000502540BE400801D98D6D0FE85B55D6D58229C8ED55470B1C744D6BEEAD475C27236E9908A993110016E3A425A4E75B646191AC9A34FE5D050BD101A5C490F87D01C66D885D09BC1082_}",
            "type": "cell",
          },
          "bounce": false,
          "from": "kQDsxraH9C2q62rBFOR2qqOFjjomtfdWo64TkbdMhFTJiLsN",
          "to": "kQBGSDIgoUMAjGBNBXjsdBRlfPtqK5rKgQOD5N7yKFfIXeuh",
          "type": "internal",
          "value": "9.95885",
        },
      },
      {
        "$type": "processed",
        "gasUsed": 16070n,
      },
      {
        "$type": "sent",
        "messages": [
          {
            "body": {
              "type": "known",
              "value": {
                "$$type": "TokenExcesses",
                "queryId": 0n,
              },
            },
            "bounce": false,
            "from": "kQBGSDIgoUMAjGBNBXjsdBRlfPtqK5rKgQOD5N7yKFfIXeuh",
            "to": "@treasure(treasure)",
            "type": "internal",
            "value": "9.914852826",
          },
        ],
      },
    ],
  },
]
`;
