// Jest Snapshot v1, https://goo.gl/fbAQLP

exports[`feature-constants should implement constants correctly 1`] = `
ConstantTester {
  "abi": {
    "errors": {
      "10": {
        "message": "Dictionary error",
      },
      "128": {
        "message": "Null reference exception",
      },
      "129": {
        "message": "Invalid serialization prefix",
      },
      "13": {
        "message": "Out of gas error",
      },
      "130": {
        "message": "Invalid incoming message",
      },
      "131": {
        "message": "Constraints error",
      },
      "132": {
        "message": "Access denied",
      },
      "133": {
        "message": "Contract stopped",
      },
      "134": {
        "message": "Invalid argument",
      },
      "135": {
        "message": "Code of a contract was not found",
      },
      "136": {
        "message": "Invalid address",
      },
      "137": {
        "message": "Masterchain support is not enabled for this contract",
      },
      "2": {
        "message": "Stack undeflow",
      },
      "3": {
        "message": "Stack overflow",
      },
      "32": {
        "message": "Method ID not found",
      },
      "34": {
        "message": "Action is invalid or not supported",
      },
      "37": {
        "message": "Not enough TON",
      },
      "38": {
        "message": "Not enough extra-currencies",
      },
      "4": {
        "message": "Integer overflow",
      },
      "5": {
        "message": "Integer out of expected range",
      },
      "6": {
        "message": "Invalid opcode",
      },
      "7": {
        "message": "Type check error",
      },
      "8": {
        "message": "Cell overflow",
      },
      "9": {
        "message": "Cell underflow",
      },
    },
    "getters": [
      {
        "arguments": [],
        "name": "something1",
        "returnType": {
          "format": 257,
          "kind": "simple",
          "optional": false,
          "type": "int",
        },
      },
      {
        "arguments": [],
        "name": "something2",
        "returnType": {
          "format": 257,
          "kind": "simple",
          "optional": true,
          "type": "int",
        },
      },
      {
        "arguments": [],
        "name": "something3",
        "returnType": {
          "format": 257,
          "kind": "simple",
          "optional": false,
          "type": "int",
        },
      },
      {
        "arguments": [],
        "name": "something4",
        "returnType": {
          "format": 257,
          "kind": "simple",
          "optional": false,
          "type": "int",
        },
      },
      {
        "arguments": [],
        "name": "something5",
        "returnType": {
          "kind": "simple",
          "optional": false,
          "type": "string",
        },
      },
      {
        "arguments": [],
        "name": "something6",
        "returnType": {
          "format": 257,
          "kind": "simple",
          "optional": false,
          "type": "int",
        },
      },
      {
        "arguments": [],
        "name": "something7",
        "returnType": {
          "format": 257,
          "kind": "simple",
          "optional": false,
          "type": "int",
        },
      },
      {
        "arguments": [],
        "name": "something8",
        "returnType": {
          "format": 257,
          "kind": "simple",
          "optional": false,
          "type": "int",
        },
      },
      {
        "arguments": [],
        "name": "something9",
        "returnType": {
          "kind": "simple",
          "optional": false,
          "type": "address",
        },
      },
      {
        "arguments": [],
        "name": "something10",
        "returnType": {
          "kind": "simple",
          "optional": false,
          "type": "address",
        },
      },
      {
        "arguments": [],
        "name": "something11",
        "returnType": {
          "format": 257,
          "kind": "simple",
          "optional": false,
          "type": "int",
        },
      },
      {
        "arguments": [],
        "name": "something12",
        "returnType": {
          "format": 257,
          "kind": "simple",
          "optional": false,
          "type": "int",
        },
      },
      {
        "arguments": [],
        "name": "something13",
        "returnType": {
          "format": 257,
          "kind": "simple",
          "optional": false,
          "type": "int",
        },
      },
      {
        "arguments": [],
        "name": "something14",
        "returnType": {
          "format": 257,
          "kind": "simple",
          "optional": false,
          "type": "int",
        },
      },
      {
        "arguments": [],
        "name": "something15",
        "returnType": {
          "format": 257,
          "kind": "simple",
          "optional": false,
          "type": "int",
        },
      },
      {
        "arguments": [],
        "name": "globalConst",
        "returnType": {
          "format": 257,
          "kind": "simple",
          "optional": false,
          "type": "int",
        },
      },
    ],
    "receivers": [
      {
        "message": {
          "kind": "empty",
        },
        "receiver": "internal",
      },
    ],
    "types": [
      {
        "fields": [
          {
            "name": "code",
            "type": {
              "kind": "simple",
              "optional": false,
              "type": "cell",
            },
          },
          {
            "name": "data",
            "type": {
              "kind": "simple",
              "optional": false,
              "type": "cell",
            },
          },
        ],
        "header": null,
        "name": "StateInit",
      },
      {
        "fields": [
          {
            "name": "bounced",
            "type": {
              "kind": "simple",
              "optional": false,
              "type": "bool",
            },
          },
          {
            "name": "sender",
            "type": {
              "kind": "simple",
              "optional": false,
              "type": "address",
            },
          },
          {
            "name": "value",
            "type": {
              "format": 257,
              "kind": "simple",
              "optional": false,
              "type": "int",
            },
          },
          {
            "name": "raw",
            "type": {
              "kind": "simple",
              "optional": false,
              "type": "slice",
            },
          },
        ],
        "header": null,
        "name": "Context",
      },
      {
        "fields": [
          {
            "name": "bounce",
            "type": {
              "kind": "simple",
              "optional": false,
              "type": "bool",
            },
          },
          {
            "name": "to",
            "type": {
              "kind": "simple",
              "optional": false,
              "type": "address",
            },
          },
          {
            "name": "value",
            "type": {
              "format": 257,
              "kind": "simple",
              "optional": false,
              "type": "int",
            },
          },
          {
            "name": "mode",
            "type": {
              "format": 257,
              "kind": "simple",
              "optional": false,
              "type": "int",
            },
          },
          {
            "name": "body",
            "type": {
              "kind": "simple",
              "optional": true,
              "type": "cell",
            },
          },
          {
            "name": "code",
            "type": {
              "kind": "simple",
              "optional": true,
              "type": "cell",
            },
          },
          {
            "name": "data",
            "type": {
              "kind": "simple",
              "optional": true,
              "type": "cell",
            },
          },
        ],
        "header": null,
        "name": "SendParameters",
      },
    ],
  },
  "address": kQCG5ZO3hYCRKTIcSHbxVD6aemP9eqeRqXiPLuTtmDjr2Wio,
  "init": {
    "code": x{FF00F4A413F4BCF2C80B}
 x{62_}
  x{D001D0D3030171B0A301FA400120D74981010BBAF2E08820D70B0A208104FFBAF2D0898309BAF2E088545053036F04F86102F862DB3C59DB3CF2E08230C8F84301CC7F01CA00C9ED54}
   x{ED44D0D401F863D20030916DE0F828D70B0A8309BAF2E089DB3C}
    x{6D}
   x{0192307FE07021D749C21F953020D70B1FDEC00001D749C121B0917FE070}
  x{2_}
   x{6A_}
    x{B22EF6CF36CF0C6_}
     x{ED44D0D401F863D20030916DE0F828D70B0A8309BAF2E089DB3C}
      x{6D}
     x{74}
    x{B226B6CF36CF0C6_}
     x{ED44D0D401F863D20030916DE0F828D70B0A8309BAF2E089DB3C}
      x{6D}
     x{8D086002540B846967BD8AD0D9B17DFB2440228EB4C230FA9782F8A2D9B60428BEBB439C}
   x{2_}
    x{2_}
     x{2_}
      x{B24DF6CF36CF0C6_}
       x{ED44D0D401F863D20030916DE0F828D70B0A8309BAF2E089DB3C}
        x{6D}
       x{82186A2BB7D000}
      x{B245B6CF36CF0C6_}
       x{ED44D0D401F863D20030916DE0F828D70B0A8309BAF2E089DB3C}
        x{6D}
       x{8BC48656C6C6F20776F726C64218}
     x{2_}
      x{5}
       x{A975DB3CDB3C31}
        x{ED44D0D401F863D20030916DE0F828D70B0A8309BAF2E089DB3C}
         x{6D}
        x{7A}
       x{AAA2DB3CDB3C31}
        x{ED44D0D401F863D20030916DE0F828D70B0A8309BAF2E089DB3C}
         x{6D}
        x{8020}
      x{5}
       x{2_}
        x{A6A9B679B67863_}
         x{ED44D0D401F863D20030916DE0F828D70B0A8309BAF2E089DB3C}
          x{6D}
         x{75}
        x{A7A304E0B9D87ABA595CF63D09D873AC950A36CD04E13BAC6A5A56C8F96645A75E5BFBE2C47304E040AB803700CEC7299CB0755C8E4B658704E037A93BDF2A8B2DE38EA7A7BC0AB3864D04E13B2E9CB5669D96E6741D2CDB28CDD149_}
       x{AA83DB3CDB3C31}
        x{ED44D0D401F863D20030916DE0F828D70B0A8309BAF2E089DB3C}
         x{6D}
        x{8100F3}
    x{2_}
     x{2_}
      x{2_}
       x{2_}
        x{AABEED44D0D20001}
        x{AB61DB3CDB3C31}
         x{ED44D0D401F863D20030916DE0F828D70B0A8309BAF2E089DB3C}
          x{6D}
         x{8064}
       x{AF326D9E6D9E18C_}
        x{ED44D0D401F863D20030916DE0F828D70B0A8309BAF2E089DB3C}
         x{6D}
        x{8058}
      x{5}
       x{79A_}
        x{ACB6CF36CF0C6_}
         x{ED44D0D401F863D20030916DE0F828D70B0A8309BAF2E089DB3C}
          x{6D}
         x{800B}
        x{AEE3435697066733A2F2F516D625A38617576474E63656B454543537056507163476A37506868564C69697A724E384D364C515248526E6A5182_}
       x{AA45DB3CDB3C31}
        x{ED44D0D401F863D20030916DE0F828D70B0A8309BAF2E089DB3C}
         x{6D}
        x{80A6}
     x{2_}
      x{5}
       x{A9F1DB3CDB3C31}
        x{ED44D0D401F863D20030916DE0F828D70B0A8309BAF2E089DB3C}
         x{6D}
        x{6D}
       x{AA26DB3CDB3C31}
        x{ED44D0D401F863D20030916DE0F828D70B0A8309BAF2E089DB3C}
         x{6D}
        x{8058}
      x{5}
       x{A9D0DB3CDB3C31}
        x{ED44D0D401F863D20030916DE0F828D70B0A8309BAF2E089DB3C}
         x{6D}
        x{82181CA35F0E00}
       x{AA07DB3CDB3C31}
        x{ED44D0D401F863D20030916DE0F828D70B0A8309BAF2E089DB3C}
         x{6D}
        x{8D086002540B846967BD8AD0D9B17DFB2440228EB4C230FA9782F8A2D9B60428BEBB439C},
    "data": x{4_}
 x{C_}
  x{A0F903_}
   x{FF00F4A413F4BCF2C80B}
    x{62_}
     x{D001D0D3030171B0A301FA400120D74981010BBAF2E08820D70B0A208104FFBAF2D0898309BAF2E088545053036F04F86102F862DB3C59DB3CF2E08230C8F84301CC7F01CA00C9ED54}
      x{ED44D0D401F863D20030916DE0F828D70B0A8309BAF2E089DB3C}
       x{6D}
      x{0192307FE07021D749C21F953020D70B1FDEC00001D749C121B0917FE070}
     x{2_}
      x{6A_}
       x{B22EF6CF36CF0C6_}
        x{ED44D0D401F863D20030916DE0F828D70B0A8309BAF2E089DB3C}
         x{6D}
        x{74}
       x{B226B6CF36CF0C6_}
        x{ED44D0D401F863D20030916DE0F828D70B0A8309BAF2E089DB3C}
         x{6D}
        x{8D086002540B846967BD8AD0D9B17DFB2440228EB4C230FA9782F8A2D9B60428BEBB439C}
      x{2_}
       x{2_}
        x{2_}
         x{B24DF6CF36CF0C6_}
          x{ED44D0D401F863D20030916DE0F828D70B0A8309BAF2E089DB3C}
           x{6D}
          x{82186A2BB7D000}
         x{B245B6CF36CF0C6_}
          x{ED44D0D401F863D20030916DE0F828D70B0A8309BAF2E089DB3C}
           x{6D}
          x{8BC48656C6C6F20776F726C64218}
        x{2_}
         x{5}
          x{A975DB3CDB3C31}
           x{ED44D0D401F863D20030916DE0F828D70B0A8309BAF2E089DB3C}
            x{6D}
           x{7A}
          x{AAA2DB3CDB3C31}
           x{ED44D0D401F863D20030916DE0F828D70B0A8309BAF2E089DB3C}
            x{6D}
           x{8020}
         x{5}
          x{2_}
           x{A6A9B679B67863_}
            x{ED44D0D401F863D20030916DE0F828D70B0A8309BAF2E089DB3C}
             x{6D}
            x{75}
           x{A7A304E0B9D87ABA595CF63D09D873AC950A36CD04E13BAC6A5A56C8F96645A75E5BFBE2C47304E040AB803700CEC7299CB0755C8E4B658704E037A93BDF2A8B2DE38EA7A7BC0AB3864D04E13B2E9CB5669D96E6741D2CDB28CDD149_}
          x{AA83DB3CDB3C31}
           x{ED44D0D401F863D20030916DE0F828D70B0A8309BAF2E089DB3C}
            x{6D}
           x{8100F3}
       x{2_}
        x{2_}
         x{2_}
          x{2_}
           x{AABEED44D0D20001}
           x{AB61DB3CDB3C31}
            x{ED44D0D401F863D20030916DE0F828D70B0A8309BAF2E089DB3C}
             x{6D}
            x{8064}
          x{AF326D9E6D9E18C_}
           x{ED44D0D401F863D20030916DE0F828D70B0A8309BAF2E089DB3C}
            x{6D}
           x{8058}
         x{5}
          x{79A_}
           x{ACB6CF36CF0C6_}
            x{ED44D0D401F863D20030916DE0F828D70B0A8309BAF2E089DB3C}
             x{6D}
            x{800B}
           x{AEE3435697066733A2F2F516D625A38617576474E63656B454543537056507163476A37506868564C69697A724E384D364C515248526E6A5182_}
          x{AA45DB3CDB3C31}
           x{ED44D0D401F863D20030916DE0F828D70B0A8309BAF2E089DB3C}
            x{6D}
           x{80A6}
        x{2_}
         x{5}
          x{A9F1DB3CDB3C31}
           x{ED44D0D401F863D20030916DE0F828D70B0A8309BAF2E089DB3C}
            x{6D}
           x{6D}
          x{AA26DB3CDB3C31}
           x{ED44D0D401F863D20030916DE0F828D70B0A8309BAF2E089DB3C}
            x{6D}
           x{8058}
         x{5}
          x{A9D0DB3CDB3C31}
           x{ED44D0D401F863D20030916DE0F828D70B0A8309BAF2E089DB3C}
            x{6D}
           x{82181CA35F0E00}
          x{AA07DB3CDB3C31}
           x{ED44D0D401F863D20030916DE0F828D70B0A8309BAF2E089DB3C}
            x{6D}
           x{8D086002540B846967BD8AD0D9B17DFB2440228EB4C230FA9782F8A2D9B60428BEBB439C},
  },
}
`;
