// Jest Snapshot v1, https://goo.gl/fbAQLP

exports[`constants should implement constants correctly 1`] = `
ConstantTester {
  "abi": {
    "errors": {
      "10": {
        "message": "Dictionary error",
      },
      "128": {
        "message": "Null reference exception",
      },
      "129": {
        "message": "Invalid serialization prefix",
      },
      "13": {
        "message": "Out of gas error",
      },
      "130": {
        "message": "Invalid incoming message",
      },
      "131": {
        "message": "Constraints error",
      },
      "132": {
        "message": "Access denied",
      },
      "133": {
        "message": "Contract stopped",
      },
      "134": {
        "message": "Invalid argument",
      },
      "135": {
        "message": "Code of a contract was not found",
      },
      "136": {
        "message": "Invalid address",
      },
      "137": {
        "message": "Masterchain support is not enabled for this contract",
      },
      "2": {
        "message": "Stack underflow",
      },
      "3": {
        "message": "Stack overflow",
      },
      "32": {
        "message": "Method ID not found",
      },
      "34": {
        "message": "Action is invalid or not supported",
      },
      "37": {
        "message": "Not enough TON",
      },
      "38": {
        "message": "Not enough extra-currencies",
      },
      "4": {
        "message": "Integer overflow",
      },
      "5": {
        "message": "Integer out of expected range",
      },
      "6": {
        "message": "Invalid opcode",
      },
      "7": {
        "message": "Type check error",
      },
      "8": {
        "message": "Cell overflow",
      },
      "9": {
        "message": "Cell underflow",
      },
    },
    "getters": [
      {
        "arguments": [],
        "name": "something1",
        "returnType": {
          "format": 257,
          "kind": "simple",
          "optional": false,
          "type": "int",
        },
      },
      {
        "arguments": [],
        "name": "something2",
        "returnType": {
          "format": 257,
          "kind": "simple",
          "optional": true,
          "type": "int",
        },
      },
      {
        "arguments": [],
        "name": "something3",
        "returnType": {
          "format": 257,
          "kind": "simple",
          "optional": false,
          "type": "int",
        },
      },
      {
        "arguments": [],
        "name": "something4",
        "returnType": {
          "format": 257,
          "kind": "simple",
          "optional": false,
          "type": "int",
        },
      },
      {
        "arguments": [],
        "name": "something5",
        "returnType": {
          "kind": "simple",
          "optional": false,
          "type": "string",
        },
      },
      {
        "arguments": [],
        "name": "something6",
        "returnType": {
          "format": 257,
          "kind": "simple",
          "optional": false,
          "type": "int",
        },
      },
      {
        "arguments": [],
        "name": "something7",
        "returnType": {
          "format": 257,
          "kind": "simple",
          "optional": false,
          "type": "int",
        },
      },
      {
        "arguments": [],
        "name": "something8",
        "returnType": {
          "format": 257,
          "kind": "simple",
          "optional": false,
          "type": "int",
        },
      },
      {
        "arguments": [],
        "name": "something9",
        "returnType": {
          "kind": "simple",
          "optional": false,
          "type": "address",
        },
      },
      {
        "arguments": [],
        "name": "something10",
        "returnType": {
          "kind": "simple",
          "optional": false,
          "type": "address",
        },
      },
      {
        "arguments": [],
        "name": "something11",
        "returnType": {
          "format": 257,
          "kind": "simple",
          "optional": false,
          "type": "int",
        },
      },
      {
        "arguments": [],
        "name": "something12",
        "returnType": {
          "format": 257,
          "kind": "simple",
          "optional": false,
          "type": "int",
        },
      },
      {
        "arguments": [],
        "name": "something13",
        "returnType": {
          "format": 257,
          "kind": "simple",
          "optional": false,
          "type": "int",
        },
      },
      {
        "arguments": [],
        "name": "something14",
        "returnType": {
          "format": 257,
          "kind": "simple",
          "optional": false,
          "type": "int",
        },
      },
      {
        "arguments": [],
        "name": "something15",
        "returnType": {
          "format": 257,
          "kind": "simple",
          "optional": false,
          "type": "int",
        },
      },
      {
        "arguments": [],
        "name": "something16",
        "returnType": {
          "format": 257,
          "kind": "simple",
          "optional": false,
          "type": "int",
        },
      },
      {
        "arguments": [],
        "name": "something17",
        "returnType": {
          "format": 257,
          "kind": "simple",
          "optional": false,
          "type": "int",
        },
      },
      {
        "arguments": [],
        "name": "something18",
        "returnType": {
          "format": 257,
          "kind": "simple",
          "optional": false,
          "type": "int",
        },
      },
      {
        "arguments": [],
        "name": "something19",
        "returnType": {
          "format": 257,
          "kind": "simple",
          "optional": false,
          "type": "int",
        },
      },
      {
        "arguments": [],
        "name": "something20",
        "returnType": {
          "format": 257,
          "kind": "simple",
          "optional": false,
          "type": "int",
        },
      },
      {
        "arguments": [],
        "name": "something21",
        "returnType": {
          "format": 257,
          "kind": "simple",
          "optional": false,
          "type": "int",
        },
      },
      {
        "arguments": [],
        "name": "something22",
        "returnType": {
          "format": 257,
          "kind": "simple",
          "optional": false,
          "type": "int",
        },
      },
      {
        "arguments": [],
        "name": "something23",
        "returnType": {
          "format": 257,
          "kind": "simple",
          "optional": false,
          "type": "int",
        },
      },
      {
        "arguments": [],
        "name": "something24",
        "returnType": {
          "format": 257,
          "kind": "simple",
          "optional": false,
          "type": "int",
        },
      },
      {
        "arguments": [],
        "name": "something25",
        "returnType": {
          "format": 257,
          "kind": "simple",
          "optional": false,
          "type": "int",
        },
      },
      {
        "arguments": [],
        "name": "something26",
        "returnType": {
          "format": 257,
          "kind": "simple",
          "optional": false,
          "type": "int",
        },
      },
      {
        "arguments": [],
        "name": "something27",
        "returnType": {
          "format": 257,
          "kind": "simple",
          "optional": false,
          "type": "int",
        },
      },
      {
        "arguments": [],
        "name": "something28",
        "returnType": {
          "format": 257,
          "kind": "simple",
          "optional": false,
          "type": "int",
        },
      },
      {
        "arguments": [],
        "name": "something29",
        "returnType": {
          "format": 257,
          "kind": "simple",
          "optional": true,
          "type": "int",
        },
      },
      {
        "arguments": [],
        "name": "something30",
        "returnType": {
          "format": 257,
          "kind": "simple",
          "optional": true,
          "type": "int",
        },
      },
      {
        "arguments": [],
        "name": "something31",
        "returnType": {
          "format": 257,
          "kind": "simple",
          "optional": false,
          "type": "int",
        },
      },
      {
        "arguments": [],
        "name": "something32",
        "returnType": {
          "format": 257,
          "kind": "simple",
          "optional": false,
          "type": "int",
        },
      },
      {
        "arguments": [],
        "name": "something33",
        "returnType": {
          "key": "int",
          "kind": "dict",
          "value": "int",
        },
      },
      {
        "arguments": [],
        "name": "something34",
        "returnType": {
          "key": "int",
          "kind": "dict",
          "value": "int",
        },
      },
      {
        "arguments": [],
        "name": "something35",
        "returnType": {
          "kind": "simple",
          "optional": false,
          "type": "S",
        },
      },
      {
        "arguments": [],
        "name": "something36",
        "returnType": {
          "kind": "simple",
          "optional": false,
          "type": "S",
        },
      },
      {
        "arguments": [],
        "name": "something37",
        "returnType": {
          "kind": "simple",
          "optional": false,
          "type": "T",
        },
      },
      {
        "arguments": [],
        "name": "something38",
        "returnType": {
          "format": 257,
          "kind": "simple",
          "optional": false,
          "type": "int",
        },
      },
      {
        "arguments": [],
        "name": "something39",
        "returnType": {
          "kind": "simple",
          "optional": false,
          "type": "bool",
        },
      },
      {
        "arguments": [],
        "name": "something40",
        "returnType": {
          "kind": "simple",
          "optional": false,
          "type": "bool",
        },
      },
      {
        "arguments": [],
        "name": "something41",
        "returnType": {
          "kind": "simple",
          "optional": false,
          "type": "address",
        },
      },
      {
        "arguments": [],
        "name": "something42",
        "returnType": {
          "kind": "simple",
          "optional": false,
          "type": "address",
        },
      },
      {
        "arguments": [],
        "name": "something43",
        "returnType": {
          "kind": "simple",
          "optional": false,
          "type": "address",
        },
      },
      {
        "arguments": [],
        "name": "something44",
        "returnType": {
          "kind": "simple",
          "optional": false,
          "type": "address",
        },
      },
      {
        "arguments": [],
        "name": "minInt1",
        "returnType": {
          "format": 257,
          "kind": "simple",
          "optional": false,
          "type": "int",
        },
      },
      {
        "arguments": [],
        "name": "minInt2",
        "returnType": {
          "format": 257,
          "kind": "simple",
          "optional": false,
          "type": "int",
        },
      },
      {
        "arguments": [],
        "name": "minInt3",
        "returnType": {
          "format": 257,
          "kind": "simple",
          "optional": false,
          "type": "int",
        },
      },
      {
        "arguments": [],
        "name": "globalConst",
        "returnType": {
          "format": 257,
          "kind": "simple",
          "optional": false,
          "type": "int",
        },
      },
    ],
    "receivers": [
      {
        "message": {
          "kind": "empty",
        },
        "receiver": "internal",
      },
    ],
    "types": [
      {
        "fields": [
          {
            "name": "code",
            "type": {
              "kind": "simple",
              "optional": false,
              "type": "cell",
            },
          },
          {
            "name": "data",
            "type": {
              "kind": "simple",
              "optional": false,
              "type": "cell",
            },
          },
        ],
        "header": null,
        "name": "StateInit",
      },
      {
        "fields": [
          {
            "name": "bounced",
            "type": {
              "kind": "simple",
              "optional": false,
              "type": "bool",
            },
          },
          {
            "name": "sender",
            "type": {
              "kind": "simple",
              "optional": false,
              "type": "address",
            },
          },
          {
            "name": "value",
            "type": {
              "format": 257,
              "kind": "simple",
              "optional": false,
              "type": "int",
            },
          },
          {
            "name": "raw",
            "type": {
              "kind": "simple",
              "optional": false,
              "type": "slice",
            },
          },
        ],
        "header": null,
        "name": "Context",
      },
      {
        "fields": [
          {
            "name": "bounce",
            "type": {
              "kind": "simple",
              "optional": false,
              "type": "bool",
            },
          },
          {
            "name": "to",
            "type": {
              "kind": "simple",
              "optional": false,
              "type": "address",
            },
          },
          {
            "name": "value",
            "type": {
              "format": 257,
              "kind": "simple",
              "optional": false,
              "type": "int",
            },
          },
          {
            "name": "mode",
            "type": {
              "format": 257,
              "kind": "simple",
              "optional": false,
              "type": "int",
            },
          },
          {
            "name": "body",
            "type": {
              "kind": "simple",
              "optional": true,
              "type": "cell",
            },
          },
          {
            "name": "code",
            "type": {
              "kind": "simple",
              "optional": true,
              "type": "cell",
            },
          },
          {
            "name": "data",
            "type": {
              "kind": "simple",
              "optional": true,
              "type": "cell",
            },
          },
        ],
        "header": null,
        "name": "SendParameters",
      },
      {
        "fields": [
          {
            "name": "a",
            "type": {
              "kind": "simple",
              "optional": false,
              "type": "bool",
            },
          },
          {
            "name": "b",
            "type": {
              "format": 257,
              "kind": "simple",
              "optional": false,
              "type": "int",
            },
          },
        ],
        "header": null,
        "name": "S",
      },
      {
        "fields": [
          {
            "name": "a",
            "type": {
              "format": 257,
              "kind": "simple",
              "optional": false,
              "type": "int",
            },
          },
          {
            "name": "s",
            "type": {
              "kind": "simple",
              "optional": false,
              "type": "S",
            },
          },
        ],
        "header": null,
        "name": "T",
      },
    ],
  },
  "address": kQC1tr9E8NNDdnsvyLWPBaXhdX_hhp8x5khdXUOtjWo-v04i,
  "init": {
    "code": x{FF00F4A413F4BCF2C80B}
 x{62_}
  x{D001D0D3030171B0A301FA400120D74981010BBAF2E08820D70B0A208104FFBAF2D0898309BAF2E088545053036F04F86102F862DB3C59DB3CF2E08230C8F84301CC7F01CA00C9ED54}
   x{ED44D0D401F863D20030916DE0F828D70B0A8309BAF2E089DB3C}
    x{6D}
   x{0192307FE07021D749C21F953020D70B1FDEC00001D749C121B0917FE070}
  x{2_}
   x{2_}
    x{2_}
     x{2_}
      x{2_}
       x{ACF96D9E6D9E18C_}
        x{ED44D0D401F863D20030916DE0F828D70B0A8309BAF2E089DB3C}
         x{6D}
        x{7F}
       x{ACA66D9E6D9E18C_}
        x{ED44D0D401F863D20030916DE0F828D70B0A8309BAF2E089DB3C}
         x{6D}
        x{7F}
      x{2_}
       x{ACE9ED9E6D9E18C_}
        x{ED44D0D401F863D20030916DE0F828D70B0A8309BAF2E089DB3C}
         x{6D}
        x{8D0860000000000000000000000000000000000000000000000000000000000000000004}
       x{ACB6ED9E6D9E18C_}
        x{ED44D0D401F863D20030916DE0F828D70B0A8309BAF2E089DB3C}
         x{6D}
        x{74}
     x{2_}
      x{2_}
       x{ACD86D9E6D9E18C_}
        x{ED44D0D401F863D20030916DE0F828D70B0A8309BAF2E089DB3C}
         x{6D}
        x{8D0860000000000000000000000000000000000000000000000000000000000000091A2C}
       x{AD2E6D9E6D9E18C_}
        x{ED44D0D401F863D20030916DE0F828D70B0A8309BAF2E089DB3C}
         x{6D}
        x{7F}
      x{2_}
       x{ACC8ED9E6D9E18C_}
        x{ED44D0D401F863D20030916DE0F828D70B0A8309BAF2E089DB3C}
         x{6D}
        x{8D086000000000000000000000000000000000000000000000000000091A2B3C4D5E6F7C}
       x{AD3EED9E6D9E18C_}
        x{ED44D0D401F863D20030916DE0F828D70B0A8309BAF2E089DB3C}
         x{6D}
        x{802A}
    x{2_}
     x{2_}
      x{2_}
       x{2_}
        x{A976DB3CDB3C31}
         x{ED44D0D401F863D20030916DE0F828D70B0A8309BAF2E089DB3C}
          x{6D}
         x{8D086002540B846967BD8AD0D9B17DFB2440228EB4C230FA9782F8A2D9B60428BEBB439C}
        x{ABB2DB3CDB3C31}
         x{ED44D0D401F863D20030916DE0F828D70B0A8309BAF2E089DB3C}
          x{6D}
         x{85FF}
       x{AC5DED9E6D9E18C_}
        x{ED44D0D401F863D20030916DE0F828D70B0A8309BAF2E089DB3C}
         x{6D}
        x{74}
      x{2_}
       x{AFC9ED9E6D9E18C_}
        x{ED44D0D401F863D20030916DE0F828D70B0A8309BAF2E089DB3C}
         x{6D}
        x{82F70000000000000000000000000000000000000000000000000000000000000001}
       x{AC4D6D9E6D9E18C_}
        x{ED44D0D401F863D20030916DE0F828D70B0A8309BAF2E089DB3C}
         x{6D}
        x{8D086002540B846967BD8AD0D9B17DFB2440228EB4C230FA9782F8A2D9B60428BEBB439C}
     x{2_}
      x{2_}
       x{AFF86D9E6D9E18C_}
        x{ED44D0D401F863D20030916DE0F828D70B0A8309BAF2E089DB3C}
         x{6D}
        x{85FF}
       x{AF976D9E6D9E18C_}
        x{ED44D0D401F863D20030916DE0F828D70B0A8309BAF2E089DB3C}
         x{6D}
        x{85FF}
      x{B3C3F6CF36CF0C6_}
       x{ED44D0D401F863D20030916DE0F828D70B0A8309BAF2E089DB3C}
        x{6D}
       x{82F70000000000000000000000000000000000000000000000000000000000000001}
   x{2_}
    x{2_}
     x{2_}
      x{5}
       x{2_}
        x{2_}
         x{A1136CF36CF0C6_}
          x{ED44D0D401F863D20030916DE0F828D70B0A8309BAF2E089DB3C}
           x{6D}
          x{802A}
         x{A0DF6CF36CF0C6_}
          x{ED44D0D401F863D20030916DE0F828D70B0A8309BAF2E089DB3C}
           x{6D}
          x{82186A2BB7D000}
        x{A62DB679B67863_}
         x{ED44D0D401F863D20030916DE0F828D70B0A8309BAF2E089DB3C}
          x{6D}
         x{7F}
       x{AAE0DB3CDB3C31}
        x{ED44D0D401F863D20030916DE0F828D70B0A8309BAF2E089DB3C}
         x{6D}
        x{84FF}
      x{5}
       x{2_}
        x{2_}
         x{A1976CF36CF0C6_}
          x{ED44D0D401F863D20030916DE0F828D70B0A8309BAF2E089DB3C}
           x{6D}
          x{6D}
         x{A05B6CF36CF0C6_}
          x{ED44D0D401F863D20030916DE0F828D70B0A8309BAF2E089DB3C}
           x{6D}
          x{8BC48656C6C6F20776F726C64218}
        x{A66FB679B67863_}
         x{ED44D0D401F863D20030916DE0F828D70B0A8309BAF2E089DB3C}
          x{6D}
         x{7F}
       x{AAC1DB3CDB3C31}
        x{ED44D0D401F863D20030916DE0F828D70B0A8309BAF2E089DB3C}
         x{6D}
        x{85FF}
     x{2_}
      x{5}
       x{2_}
        x{2_}
         x{A01B6CF36CF0C6_}
          x{ED44D0D401F863D20030916DE0F828D70B0A8309BAF2E089DB3C}
           x{6D}
          x{6D}
         x{A1D76CF36CF0C6_}
          x{ED44D0D401F863D20030916DE0F828D70B0A8309BAF2E089DB3C}
           x{6D}
          x{7A}
        x{A6A9B679B67863_}
         x{ED44D0D401F863D20030916DE0F828D70B0A8309BAF2E089DB3C}
          x{6D}
         x{80FA}
       x{AAA2DB3CDB3C31}
        x{ED44D0D401F863D20030916DE0F828D70B0A8309BAF2E089DB3C}
         x{6D}
        x{8020}
      x{5}
       x{2_}
        x{2_}
         x{A09F6CF36CF0C6_}
          x{ED44D0D401F863D20030916DE0F828D70B0A8309BAF2E089DB3C}
           x{6D}
          x{802A}
         x{A1536CF36CF0C6_}
          x{ED44D0D401F863D20030916DE0F828D70B0A8309BAF2E089DB3C}
           x{6D}
          x{75}
        x{A6EBB679B67863_}
         x{ED44D0D401F863D20030916DE0F828D70B0A8309BAF2E089DB3C}
          x{6D}
         x{70}
       x{AA83DB3CDB3C31}
        x{ED44D0D401F863D20030916DE0F828D70B0A8309BAF2E089DB3C}
         x{6D}
        x{8100F3}
    x{2_}
     x{2_}
      x{2_}
       x{2_}
        x{AABEED44D0D20001}
        x{AB61DB3CDB3C31}
         x{ED44D0D401F863D20030916DE0F828D70B0A8309BAF2E089DB3C}
          x{6D}
         x{8064}
       x{2_}
        x{2_}
         x{A581B679B678D825_}
          x{ED44D0D401F863D20030916DE0F828D70B0A8309BAF2E089DB3C}
           x{6D}
          x{70802A}
         x{A725B679B67863_}
          x{ED44D0D401F863D20030916DE0F828D70B0A8309BAF2E089DB3C}
           x{6D}
          x{74}
        x{AA64DB3CDB3C31}
         x{ED44D0D401F863D20030916DE0F828D70B0A8309BAF2E089DB3C}
          x{6D}
         x{8058}
      x{5}
       x{2_}
        x{2_}
         x{A3876CF36CF0C6_}
          x{ED44D0D401F863D20030916DE0F828D70B0A8309BAF2E089DB3C}
           x{6D}
          x{6D}
         x{A24B6CF36CF0C6_}
          x{ED44D0D401F863D20030916DE0F828D70B0A8309BAF2E089DB3C}
           x{6D}
          x{800B}
        x{A767B679B67863_}
         x{ED44D0D401F863D20030916DE0F828D70B0A8309BAF2E089DB3C}
          x{6D}
         x{7C}
       x{AA45DB3CDB3C31}
        x{ED44D0D401F863D20030916DE0F828D70B0A8309BAF2E089DB3C}
         x{6D}
        x{80A6}
     x{2_}
      x{5}
       x{2_}
        x{2_}
         x{A20B6CF36CF1B04DBC0A_}
          x{ED44D0D401F863D20030916DE0F828D70B0A8309BAF2E089DB3C}
           x{6D}
          x{802A7F21}
         x{A3C76CF36CF0C6_}
          x{ED44D0D401F863D20030916DE0F828D70B0A8309BAF2E089DB3C}
           x{6D}
          x{6D}
        x{A7A1B679B67863_}
         x{ED44D0D401F863D20030916DE0F828D70B0A8309BAF2E089DB3C}
          x{6D}
         x{70}
       x{AA26DB3CDB3C31}
        x{ED44D0D401F863D20030916DE0F828D70B0A8309BAF2E089DB3C}
         x{6D}
        x{8058}
      x{5}
       x{2_}
        x{2_}
         x{A28F6CF36CF1B04A_}
          x{ED44D0D401F863D20030916DE0F828D70B0A8309BAF2E089DB3C}
           x{6D}
          x{70802A}
         x{A3436CF36CF0C6_}
          x{ED44D0D401F863D20030916DE0F828D70B0A8309BAF2E089DB3C}
           x{6D}
          x{82181CA35F0E00}
        x{A7E3B679B67863_}
         x{ED44D0D401F863D20030916DE0F828D70B0A8309BAF2E089DB3C}
          x{6D}
         x{71}
       x{AA07DB3CDB3C31}
        x{ED44D0D401F863D20030916DE0F828D70B0A8309BAF2E089DB3C}
         x{6D}
        x{8D086002540B846967BD8AD0D9B17DFB2440228EB4C230FA9782F8A2D9B60428BEBB439C},
    "data": x{4_}
 x{C_}
  x{A0F903_}
   x{FF00F4A413F4BCF2C80B}
    x{62_}
     x{D001D0D3030171B0A301FA400120D74981010BBAF2E08820D70B0A208104FFBAF2D0898309BAF2E088545053036F04F86102F862DB3C59DB3CF2E08230C8F84301CC7F01CA00C9ED54}
      x{ED44D0D401F863D20030916DE0F828D70B0A8309BAF2E089DB3C}
       x{6D}
      x{0192307FE07021D749C21F953020D70B1FDEC00001D749C121B0917FE070}
     x{2_}
      x{2_}
       x{2_}
        x{2_}
         x{2_}
          x{ACF96D9E6D9E18C_}
           x{ED44D0D401F863D20030916DE0F828D70B0A8309BAF2E089DB3C}
            x{6D}
           x{7F}
          x{ACA66D9E6D9E18C_}
           x{ED44D0D401F863D20030916DE0F828D70B0A8309BAF2E089DB3C}
            x{6D}
           x{7F}
         x{2_}
          x{ACE9ED9E6D9E18C_}
           x{ED44D0D401F863D20030916DE0F828D70B0A8309BAF2E089DB3C}
            x{6D}
           x{8D0860000000000000000000000000000000000000000000000000000000000000000004}
          x{ACB6ED9E6D9E18C_}
           x{ED44D0D401F863D20030916DE0F828D70B0A8309BAF2E089DB3C}
            x{6D}
           x{74}
        x{2_}
         x{2_}
          x{ACD86D9E6D9E18C_}
           x{ED44D0D401F863D20030916DE0F828D70B0A8309BAF2E089DB3C}
            x{6D}
           x{8D0860000000000000000000000000000000000000000000000000000000000000091A2C}
          x{AD2E6D9E6D9E18C_}
           x{ED44D0D401F863D20030916DE0F828D70B0A8309BAF2E089DB3C}
            x{6D}
           x{7F}
         x{2_}
          x{ACC8ED9E6D9E18C_}
           x{ED44D0D401F863D20030916DE0F828D70B0A8309BAF2E089DB3C}
            x{6D}
           x{8D086000000000000000000000000000000000000000000000000000091A2B3C4D5E6F7C}
          x{AD3EED9E6D9E18C_}
           x{ED44D0D401F863D20030916DE0F828D70B0A8309BAF2E089DB3C}
            x{6D}
           x{802A}
       x{2_}
        x{2_}
         x{2_}
          x{2_}
           x{A976DB3CDB3C31}
            x{ED44D0D401F863D20030916DE0F828D70B0A8309BAF2E089DB3C}
             x{6D}
            x{8D086002540B846967BD8AD0D9B17DFB2440228EB4C230FA9782F8A2D9B60428BEBB439C}
           x{ABB2DB3CDB3C31}
            x{ED44D0D401F863D20030916DE0F828D70B0A8309BAF2E089DB3C}
             x{6D}
            x{85FF}
          x{AC5DED9E6D9E18C_}
           x{ED44D0D401F863D20030916DE0F828D70B0A8309BAF2E089DB3C}
            x{6D}
           x{74}
         x{2_}
          x{AFC9ED9E6D9E18C_}
           x{ED44D0D401F863D20030916DE0F828D70B0A8309BAF2E089DB3C}
            x{6D}
           x{82F70000000000000000000000000000000000000000000000000000000000000001}
          x{AC4D6D9E6D9E18C_}
           x{ED44D0D401F863D20030916DE0F828D70B0A8309BAF2E089DB3C}
            x{6D}
           x{8D086002540B846967BD8AD0D9B17DFB2440228EB4C230FA9782F8A2D9B60428BEBB439C}
        x{2_}
         x{2_}
          x{AFF86D9E6D9E18C_}
           x{ED44D0D401F863D20030916DE0F828D70B0A8309BAF2E089DB3C}
            x{6D}
           x{85FF}
          x{AF976D9E6D9E18C_}
           x{ED44D0D401F863D20030916DE0F828D70B0A8309BAF2E089DB3C}
            x{6D}
           x{85FF}
         x{B3C3F6CF36CF0C6_}
          x{ED44D0D401F863D20030916DE0F828D70B0A8309BAF2E089DB3C}
           x{6D}
          x{82F70000000000000000000000000000000000000000000000000000000000000001}
      x{2_}
       x{2_}
        x{2_}
         x{5}
          x{2_}
           x{2_}
            x{A1136CF36CF0C6_}
             x{ED44D0D401F863D20030916DE0F828D70B0A8309BAF2E089DB3C}
              x{6D}
             x{802A}
            x{A0DF6CF36CF0C6_}
             x{ED44D0D401F863D20030916DE0F828D70B0A8309BAF2E089DB3C}
              x{6D}
             x{82186A2BB7D000}
           x{A62DB679B67863_}
            x{ED44D0D401F863D20030916DE0F828D70B0A8309BAF2E089DB3C}
             x{6D}
            x{7F}
          x{AAE0DB3CDB3C31}
           x{ED44D0D401F863D20030916DE0F828D70B0A8309BAF2E089DB3C}
            x{6D}
           x{84FF}
         x{5}
          x{2_}
           x{2_}
            x{A1976CF36CF0C6_}
             x{ED44D0D401F863D20030916DE0F828D70B0A8309BAF2E089DB3C}
              x{6D}
             x{6D}
            x{A05B6CF36CF0C6_}
             x{ED44D0D401F863D20030916DE0F828D70B0A8309BAF2E089DB3C}
              x{6D}
             x{8BC48656C6C6F20776F726C64218}
           x{A66FB679B67863_}
            x{ED44D0D401F863D20030916DE0F828D70B0A8309BAF2E089DB3C}
             x{6D}
            x{7F}
          x{AAC1DB3CDB3C31}
           x{ED44D0D401F863D20030916DE0F828D70B0A8309BAF2E089DB3C}
            x{6D}
           x{85FF}
        x{2_}
         x{5}
          x{2_}
           x{2_}
            x{A01B6CF36CF0C6_}
             x{ED44D0D401F863D20030916DE0F828D70B0A8309BAF2E089DB3C}
              x{6D}
             x{6D}
            x{A1D76CF36CF0C6_}
             x{ED44D0D401F863D20030916DE0F828D70B0A8309BAF2E089DB3C}
              x{6D}
             x{7A}
           x{A6A9B679B67863_}
            x{ED44D0D401F863D20030916DE0F828D70B0A8309BAF2E089DB3C}
             x{6D}
            x{80FA}
          x{AAA2DB3CDB3C31}
           x{ED44D0D401F863D20030916DE0F828D70B0A8309BAF2E089DB3C}
            x{6D}
           x{8020}
         x{5}
          x{2_}
           x{2_}
            x{A09F6CF36CF0C6_}
             x{ED44D0D401F863D20030916DE0F828D70B0A8309BAF2E089DB3C}
              x{6D}
             x{802A}
            x{A1536CF36CF0C6_}
             x{ED44D0D401F863D20030916DE0F828D70B0A8309BAF2E089DB3C}
              x{6D}
             x{75}
           x{A6EBB679B67863_}
            x{ED44D0D401F863D20030916DE0F828D70B0A8309BAF2E089DB3C}
             x{6D}
            x{70}
          x{AA83DB3CDB3C31}
           x{ED44D0D401F863D20030916DE0F828D70B0A8309BAF2E089DB3C}
            x{6D}
           x{8100F3}
       x{2_}
        x{2_}
         x{2_}
          x{2_}
           x{AABEED44D0D20001}
           x{AB61DB3CDB3C31}
            x{ED44D0D401F863D20030916DE0F828D70B0A8309BAF2E089DB3C}
             x{6D}
            x{8064}
          x{2_}
           x{2_}
            x{A581B679B678D825_}
             x{ED44D0D401F863D20030916DE0F828D70B0A8309BAF2E089DB3C}
              x{6D}
             x{70802A}
            x{A725B679B67863_}
             x{ED44D0D401F863D20030916DE0F828D70B0A8309BAF2E089DB3C}
              x{6D}
             x{74}
           x{AA64DB3CDB3C31}
            x{ED44D0D401F863D20030916DE0F828D70B0A8309BAF2E089DB3C}
             x{6D}
            x{8058}
         x{5}
          x{2_}
           x{2_}
            x{A3876CF36CF0C6_}
             x{ED44D0D401F863D20030916DE0F828D70B0A8309BAF2E089DB3C}
              x{6D}
             x{6D}
            x{A24B6CF36CF0C6_}
             x{ED44D0D401F863D20030916DE0F828D70B0A8309BAF2E089DB3C}
              x{6D}
             x{800B}
           x{A767B679B67863_}
            x{ED44D0D401F863D20030916DE0F828D70B0A8309BAF2E089DB3C}
             x{6D}
            x{7C}
          x{AA45DB3CDB3C31}
           x{ED44D0D401F863D20030916DE0F828D70B0A8309BAF2E089DB3C}
            x{6D}
           x{80A6}
        x{2_}
         x{5}
          x{2_}
           x{2_}
            x{A20B6CF36CF1B04DBC0A_}
             x{ED44D0D401F863D20030916DE0F828D70B0A8309BAF2E089DB3C}
              x{6D}
             x{802A7F21}
            x{A3C76CF36CF0C6_}
             x{ED44D0D401F863D20030916DE0F828D70B0A8309BAF2E089DB3C}
              x{6D}
             x{6D}
           x{A7A1B679B67863_}
            x{ED44D0D401F863D20030916DE0F828D70B0A8309BAF2E089DB3C}
             x{6D}
            x{70}
          x{AA26DB3CDB3C31}
           x{ED44D0D401F863D20030916DE0F828D70B0A8309BAF2E089DB3C}
            x{6D}
           x{8058}
         x{5}
          x{2_}
           x{2_}
            x{A28F6CF36CF1B04A_}
             x{ED44D0D401F863D20030916DE0F828D70B0A8309BAF2E089DB3C}
              x{6D}
             x{70802A}
            x{A3436CF36CF0C6_}
             x{ED44D0D401F863D20030916DE0F828D70B0A8309BAF2E089DB3C}
              x{6D}
             x{82181CA35F0E00}
           x{A7E3B679B67863_}
            x{ED44D0D401F863D20030916DE0F828D70B0A8309BAF2E089DB3C}
             x{6D}
            x{71}
          x{AA07DB3CDB3C31}
           x{ED44D0D401F863D20030916DE0F828D70B0A8309BAF2E089DB3C}
            x{6D}
           x{8D086002540B846967BD8AD0D9B17DFB2440228EB4C230FA9782F8A2D9B60428BEBB439C},
  },
}
`;
