// Jest Snapshot v1, https://goo.gl/fbAQLP

exports[`strings should implement external fallbacks correctly 1`] = `
{
  "errors": {
    "10": {
      "message": "Dictionary error",
    },
    "128": {
      "message": "Null reference exception",
    },
    "129": {
      "message": "Invalid serialization prefix",
    },
    "13": {
      "message": "Out of gas error",
    },
    "130": {
      "message": "Invalid incoming message",
    },
    "131": {
      "message": "Constraints error",
    },
    "132": {
      "message": "Access denied",
    },
    "133": {
      "message": "Contract stopped",
    },
    "134": {
      "message": "Invalid argument",
    },
    "135": {
      "message": "Code of a contract was not found",
    },
    "136": {
      "message": "Invalid address",
    },
    "137": {
      "message": "Masterchain support is not enabled for this contract",
    },
    "2": {
      "message": "Stack underflow",
    },
    "3": {
      "message": "Stack overflow",
    },
    "32": {
      "message": "Method ID not found",
    },
    "34": {
      "message": "Action is invalid or not supported",
    },
    "37": {
      "message": "Not enough TON",
    },
    "38": {
      "message": "Not enough extra-currencies",
    },
    "4": {
      "message": "Integer overflow",
    },
    "5": {
      "message": "Integer out of expected range",
    },
    "6": {
      "message": "Invalid opcode",
    },
    "7": {
      "message": "Type check error",
    },
    "8": {
      "message": "Cell overflow",
    },
    "9": {
      "message": "Cell underflow",
    },
  },
  "getters": [
    {
      "arguments": [],
      "name": "getA",
      "returnType": {
        "format": 257,
        "kind": "simple",
        "optional": false,
        "type": "int",
      },
    },
  ],
  "receivers": [
    {
      "message": {
        "kind": "empty",
      },
      "receiver": "internal",
    },
    {
      "message": {
        "kind": "typed",
        "type": "Add",
      },
      "receiver": "internal",
    },
    {
      "message": {
        "kind": "empty",
      },
      "receiver": "external",
    },
    {
      "message": {
        "kind": "typed",
        "type": "Add",
      },
      "receiver": "external",
    },
  ],
  "types": [
    {
      "fields": [
        {
          "name": "code",
          "type": {
            "kind": "simple",
            "optional": false,
            "type": "cell",
          },
        },
        {
          "name": "data",
          "type": {
            "kind": "simple",
            "optional": false,
            "type": "cell",
          },
        },
      ],
      "header": null,
      "name": "StateInit",
    },
    {
      "fields": [
        {
          "name": "bounced",
          "type": {
            "kind": "simple",
            "optional": false,
            "type": "bool",
          },
        },
        {
          "name": "sender",
          "type": {
            "kind": "simple",
            "optional": false,
            "type": "address",
          },
        },
        {
          "name": "value",
          "type": {
            "format": 257,
            "kind": "simple",
            "optional": false,
            "type": "int",
          },
        },
        {
          "name": "raw",
          "type": {
            "kind": "simple",
            "optional": false,
            "type": "slice",
          },
        },
      ],
      "header": null,
      "name": "Context",
    },
    {
      "fields": [
        {
          "name": "bounce",
          "type": {
            "kind": "simple",
            "optional": false,
            "type": "bool",
          },
        },
        {
          "name": "to",
          "type": {
            "kind": "simple",
            "optional": false,
            "type": "address",
          },
        },
        {
          "name": "value",
          "type": {
            "format": 257,
            "kind": "simple",
            "optional": false,
            "type": "int",
          },
        },
        {
          "name": "mode",
          "type": {
            "format": 257,
            "kind": "simple",
            "optional": false,
            "type": "int",
          },
        },
        {
          "name": "body",
          "type": {
            "kind": "simple",
            "optional": true,
            "type": "cell",
          },
        },
        {
          "name": "code",
          "type": {
            "kind": "simple",
            "optional": true,
            "type": "cell",
          },
        },
        {
          "name": "data",
          "type": {
            "kind": "simple",
            "optional": true,
            "type": "cell",
          },
        },
      ],
      "header": null,
      "name": "SendParameters",
    },
    {
      "fields": [
        {
          "name": "x",
          "type": {
            "format": 32,
            "kind": "simple",
            "optional": false,
            "type": "uint",
          },
        },
      ],
      "header": 2412401973,
      "name": "Add",
    },
    {
      "fields": [
        {
          "name": "a",
          "type": {
            "format": 257,
            "kind": "simple",
            "optional": false,
            "type": "int",
          },
        },
      ],
      "header": null,
      "name": "ExternalFallbacksTester$Data",
    },
  ],
}
`;
