// Jest Snapshot v1, https://goo.gl/fbAQLP

exports[`bugs should implement mutating method chaining correctly 1`] = `
[
  {
    "$seq": 0,
    "events": [
      {
        "$type": "deploy",
      },
      {
        "$type": "received",
        "message": {
          "body": {
            "type": "empty",
          },
          "bounce": true,
          "from": "@treasure(treasure)",
          "to": "kQCGg-qsZbZ6ObsEGqnPA1Q2Ma7bpCHVkJNXu0LvqWZSmD8C",
          "type": "internal",
          "value": "10",
        },
      },
      {
        "$type": "processed",
        "gasUsed": 4443n,
      },
    ],
  },
]
`;
