// Jest Snapshot v1, https://goo.gl/fbAQLP

exports[`ternary should implement try-catch statements correctly 1`] = `
[
  {
    "$seq": 1,
    "events": [
      {
        "$type": "storage-charged",
        "amount": "0.000000006",
      },
      {
        "$type": "received",
        "message": {
          "body": {
            "text": "increment",
            "type": "text",
          },
          "bounce": true,
          "from": "@treasure(treasure)",
          "to": "kQBigf8fP2I2o-v1qNOp7_hRp1we8735yxhf4ZE1rD54dbqU",
          "type": "internal",
          "value": "10",
        },
      },
      {
        "$type": "processed",
        "gasUsed": 3929n,
      },
    ],
  },
  {
    "$seq": 2,
    "events": [
      {
        "$type": "storage-charged",
        "amount": "0.000000006",
      },
      {
        "$type": "received",
        "message": {
          "body": {
            "text": "incrementTryCatch",
            "type": "text",
          },
          "bounce": true,
          "from": "@treasure(treasure)",
          "to": "kQBigf8fP2I2o-v1qNOp7_hRp1we8735yxhf4ZE1rD54dbqU",
          "type": "internal",
          "value": "10",
        },
      },
      {
        "$type": "processed",
        "gasUsed": 4564n,
      },
    ],
  },
  {
    "$seq": 3,
    "events": [
      {
        "$type": "storage-charged",
        "amount": "0.000000006",
      },
      {
        "$type": "received",
        "message": {
          "body": {
            "text": "tryCatchRegisters",
            "type": "text",
          },
          "bounce": true,
          "from": "@treasure(treasure)",
          "to": "kQBigf8fP2I2o-v1qNOp7_hRp1we8735yxhf4ZE1rD54dbqU",
          "type": "internal",
          "value": "10",
        },
      },
      {
        "$type": "processed",
        "gasUsed": 12080n,
      },
      {
        "$type": "sent",
        "messages": [
          {
            "body": {
              "text": "hello world 1",
              "type": "text",
            },
            "bounce": true,
            "from": "kQBigf8fP2I2o-v1qNOp7_hRp1we8735yxhf4ZE1rD54dbqU",
            "to": "@treasure(treasure)",
            "type": "internal",
            "value": "9.986684",
          },
        ],
      },
    ],
  },
]
`;
