// Jest Snapshot v1, https://goo.gl/fbAQLP

exports[`short-circuit-initialization short-circuit-constant-init-and should fail boolean short-circuiting during initialization 1`] = `
"<unknown>:4:35: Cannot evaluate expression to a constant: divisor expression must be non-zero
  3 | 
> 4 | const A: Bool = true && exception(0);
                                        ^
  5 | 
"
`;

exports[`short-circuit-initialization short-circuit-constant-init-or should fail boolean short-circuiting during initialization 1`] = `
"<unknown>:4:36: Cannot evaluate expression to a constant: divisor expression must be non-zero
  3 | 
> 4 | const A: Bool = false || exception(0);
                                         ^
  5 | 
"
`;

exports[`short-circuit-initialization short-circuit-contract-constant-init-and should fail boolean short-circuiting during initialization 1`] = `
"<unknown>:12:39: Cannot evaluate expression to a constant: divisor expression must be non-zero
  11 | contract CTest {
> 12 |     const A: Bool = true && exception(0);
                                             ^
  13 | }
"
`;

exports[`short-circuit-initialization short-circuit-contract-constant-init-or should fail boolean short-circuiting during initialization 1`] = `
"<unknown>:12:40: Cannot evaluate expression to a constant: divisor expression must be non-zero
  11 | contract CTest {
> 12 |     const A: Bool = false || exception(0);
                                              ^
  13 | }
"
`;

exports[`short-circuit-initialization short-circuit-contract-init-and should fail boolean short-circuiting during initialization 1`] = `
"<unknown>:12:33: Cannot evaluate expression to a constant: divisor expression must be non-zero
  11 | contract CTest {
> 12 |     A: Bool = true && exception(0);
                                       ^
  13 | }
"
`;

exports[`short-circuit-initialization short-circuit-contract-init-or should fail boolean short-circuiting during initialization 1`] = `
"<unknown>:12:34: Cannot evaluate expression to a constant: divisor expression must be non-zero
  11 | contract CTest {
> 12 |     A: Bool = false || exception(0);
                                        ^
  13 | }
"
`;

exports[`short-circuit-initialization short-circuit-struct-init-and should fail boolean short-circuiting during initialization 1`] = `
"<unknown>:5:33: Cannot evaluate expression to a constant: divisor expression must be non-zero
  4 | struct STest {
> 5 |     A: Bool = true && exception(0);
                                      ^
  6 | }
"
`;

exports[`short-circuit-initialization short-circuit-struct-init-or should fail boolean short-circuiting during initialization 1`] = `
"<unknown>:5:34: Cannot evaluate expression to a constant: divisor expression must be non-zero
  4 | struct STest {
> 5 |     A: Bool = false || exception(0);
                                       ^
  6 | }
"
`;
