// Jest Snapshot v1, https://goo.gl/fbAQLP

exports[`stack-deepness stack-deepness-recursion should pass compilation 1`] = `
[
  [
    "300",
    "Int",
  ],
  [
    "multiplyByTwo(300)",
    "Int",
  ],
  [
    "n",
    "Int",
  ],
  [
    "0",
    "Int",
  ],
  [
    "n < 0",
    "Bool",
  ],
  [
    "n",
    "Int",
  ],
  [
    "-n",
    "Int",
  ],
  [
    "multiplyByTwo(-n)",
    "Int",
  ],
  [
    "-multiplyByTwo(-n)",
    "Int",
  ],
  [
    "n",
    "Int",
  ],
  [
    "0",
    "Int",
  ],
  [
    "n == 0",
    "Bool",
  ],
  [
    "0",
    "Int",
  ],
  [
    "2",
    "Int",
  ],
  [
    "n",
    "Int",
  ],
  [
    "1",
    "Int",
  ],
  [
    "n - 1",
    "Int",
  ],
  [
    "multiplyByTwo(n - 1)",
    "Int",
  ],
  [
    "2 + multiplyByTwo(n - 1)",
    "Int",
  ],
]
`;
