// Jest Snapshot v1, https://goo.gl/fbAQLP

exports[`stack-deepness stack-deepness-big-input should fail compilation 1`] = `
"<unknown>:3:16: Cannot evaluate expression to a constant: execution stack reached maximum allowed deepness
  2 | 
> 3 | const A: Int = multiplyByTwo(1000);
                     ^~~~~~~~~~~~~~~~~~~
  4 | 
"
`;

exports[`stack-deepness stack-deepness-deep-call should fail compilation 1`] = `
"<unknown>:3:16: Cannot evaluate expression to a constant: execution stack reached maximum allowed deepness
  2 | 
> 3 | const A: Int = multiplyByTwoDeepBlocks(1000);
                     ^~~~~~~~~~~~~~~~~~~~~~~~~~~~~
  4 | 
"
`;

exports[`stack-deepness stack-deepness-infinite-recursion should fail compilation 1`] = `
"<unknown>:3:16: Cannot evaluate expression to a constant: execution stack reached maximum allowed deepness
  2 | 
> 3 | const A: Int = recurse();
                     ^~~~~~~~~
  4 | 
"
`;
